    OpenRGB v0.9+ (1.0rc3)
    Commit:  from 
    Launched: 20260825_215106
====================================================================================================

0     |Info:    [ProfileManager] Found file: off.orp attempting to validate header
0     |Info:    [ProfileManager] Valid v5 profile found for off
52    |Info:    [ResourceManager] Initializing HID interfaces: Success
52    |Info:    ------------------------------------------------------
52    |Info:    |               Start device detection               |
53    |Info:    ------------------------------------------------------
65    |Info:    ------------------------------------------------------
65    |Info:    |             Detecting I2C interfaces               |
65    |Info:    ------------------------------------------------------
65    |Info:    [ResourceManager] Registering I2C interface: NVIDIA i2c adapter 2 at 2b:00.0
 (/dev/i2c-3) Device 10DE:2488 Subsystem: 19DA:8617
65    |Info:    [ResourceManager] Registering I2C interface: SMBus PIIX4 adapter port 2 at 0b00 (/dev/i2c-1) Device 1022:790B Subsystem: 1462:7C56
65    |Info:    [ResourceManager] Registering I2C interface: NVIDIA i2c adapter 7 at 2b:00.0
 (/dev/i2c-6) Device 10DE:2488 Subsystem: 19DA:8617
66    |Info:    [ResourceManager] Registering I2C interface: NVIDIA i2c adapter 5 at 2b:00.0
 (/dev/i2c-4) Device 10DE:2488 Subsystem: 19DA:8617
66    |Info:    [ResourceManager] Registering I2C interface: SMBus PIIX4 adapter port 1 at 0b20 (/dev/i2c-2) Device 1022:790B Subsystem: 1462:7C56
66    |Info:    [ResourceManager] Registering I2C interface: SMBus PIIX4 adapter port 0 at 0b00 (/dev/i2c-0) Device 1022:790B Subsystem: 1462:7C56
66    |Info:    [ResourceManager] Registering I2C interface: NVIDIA i2c adapter 8 at 2b:00.0
 (/dev/i2c-7) Device 10DE:2488 Subsystem: 19DA:8617
66    |Info:    [ResourceManager] Registering I2C interface: NVIDIA i2c adapter 6 at 2b:00.0
 (/dev/i2c-5) Device 10DE:2488 Subsystem: 19DA:8617
66    |Info:    ------------------------------------------------------
66    |Info:    |               Detecting I2C devices                |
66    |Info:    ------------------------------------------------------
327   |Info:    [ENE DRAM] Registering RGB controller
505   |Info:    [ENE DRAM] Registering RGB controller
1086  |Info:    ------------------------------------------------------
1086  |Info:    |            Detecting I2C DIMM modules              |
1086  |Info:    ------------------------------------------------------
1988  |Info:    [ResourceManager] Detected occupied slot 3, bus 5, type DDR4
3273  |Info:    [ResourceManager] Detected occupied slot 4, bus 5, type DDR4
4345  |Info:    ------------------------------------------------------
4345  |Info:    |               Detecting I2C PCI devices            |
4345  |Info:    ------------------------------------------------------
4432  |Info:    ------------------------------------------------------
4432  |Info:    |               Detecting HID devices                |
4432  |Info:    ------------------------------------------------------
4485  |Info:    [AMD Wraith Prism] Registering RGB controller
4559  |Info:    [MSI MPG B550 GAMING PLUS (MS-7C56)] Registering RGB controller
4592  |Info:    [Razer Cobra] Registering RGB controller
4593  |Info:    ------------------------------------------------------
4593  |Info:    |            Detecting libusb HID devices            |
4593  |Info:    ------------------------------------------------------
4712  |Info:    ------------------------------------------------------
4712  |Info:    |              Detecting other devices               |
4712  |Info:    ------------------------------------------------------
4737  |Info:    [ResourceManager] Calling Post-detection callbacks
4737  |Info:    ------------------------------------------------------
4737  |Info:    |                Detection completed                 |
4737  |Info:    ------------------------------------------------------
4737  |Dialog:  <h2>Warning:</h2><p>Multiple OpenRGB udev rules are installed.</p><p>The udev rules file 60-openrgb.rules is installed in both /etc/udev/rules.d and /usr/lib/udev/rules.d.</p><p>Multiple udev rules files can conflict, it is recommended to remove one of them.</p>
