    OpenRGB v0.9+ (1.0rc3)
    Commit:  from 
    Launched: 20260910_184248
====================================================================================================

0     |Info:    [ProfileManager] Found file: off.orp attempting to validate header
0     |Info:    [ProfileManager] Valid v5 profile found for off
56    |Info:    [ResourceManager] Initializing HID interfaces: Success
56    |Info:    ------------------------------------------------------
56    |Info:    |               Start device detection               |
56    |Info:    ------------------------------------------------------
71    |Info:    ------------------------------------------------------
71    |Info:    |             Detecting I2C interfaces               |
71    |Info:    ------------------------------------------------------
71    |Info:    [ResourceManager] Registering I2C interface: NVIDIA i2c adapter 2 at 2b:00.0
 (/dev/i2c-3) Device 10DE:2488 Subsystem: 19DA:8617
71    |Info:    [ResourceManager] Registering I2C interface: SMBus PIIX4 adapter port 2 at 0b00 (/dev/i2c-1) Device 1022:790B Subsystem: 1462:7C56
71    |Info:    [ResourceManager] Registering I2C interface: NVIDIA i2c adapter 7 at 2b:00.0
 (/dev/i2c-6) Device 10DE:2488 Subsystem: 19DA:8617
71    |Info:    [ResourceManager] Registering I2C interface: NVIDIA i2c adapter 5 at 2b:00.0
 (/dev/i2c-4) Device 10DE:2488 Subsystem: 19DA:8617
71    |Info:    [ResourceManager] Registering I2C interface: SMBus PIIX4 adapter port 1 at 0b20 (/dev/i2c-2) Device 1022:790B Subsystem: 1462:7C56
71    |Info:    [ResourceManager] Registering I2C interface: SMBus PIIX4 adapter port 0 at 0b00 (/dev/i2c-0) Device 1022:790B Subsystem: 1462:7C56
71    |Info:    [ResourceManager] Registering I2C interface: NVIDIA i2c adapter 8 at 2b:00.0
 (/dev/i2c-7) Device 10DE:2488 Subsystem: 19DA:8617
71    |Info:    [ResourceManager] Registering I2C interface: NVIDIA i2c adapter 6 at 2b:00.0
 (/dev/i2c-5) Device 10DE:2488 Subsystem: 19DA:8617
71    |Info:    ------------------------------------------------------
71    |Info:    |               Detecting I2C devices                |
71    |Info:    ------------------------------------------------------
318   |Info:    [ENE DRAM] Registering RGB controller
496   |Info:    [ENE DRAM] Registering RGB controller
1078  |Info:    ------------------------------------------------------
1078  |Info:    |            Detecting I2C DIMM modules              |
1078  |Info:    ------------------------------------------------------
1976  |Info:    [ResourceManager] Detected occupied slot 3, bus 5, type DDR4
3265  |Info:    [ResourceManager] Detected occupied slot 4, bus 5, type DDR4
4341  |Info:    ------------------------------------------------------
4341  |Info:    |               Detecting I2C PCI devices            |
4341  |Info:    ------------------------------------------------------
4411  |Info:    ------------------------------------------------------
4411  |Info:    |               Detecting HID devices                |
4411  |Info:    ------------------------------------------------------
4463  |Info:    [AMD Wraith Prism] Registering RGB controller
4538  |Info:    [MSI MPG B550 GAMING PLUS (MS-7C56)] Registering RGB controller
4572  |Info:    [Razer Cobra] Registering RGB controller
4572  |Info:    ------------------------------------------------------
4572  |Info:    |            Detecting libusb HID devices            |
4572  |Info:    ------------------------------------------------------
4691  |Info:    ------------------------------------------------------
4692  |Info:    |              Detecting other devices               |
4692  |Info:    ------------------------------------------------------
4717  |Info:    [ResourceManager] Calling Post-detection callbacks
4717  |Info:    ------------------------------------------------------
4717  |Info:    |                Detection completed                 |
4717  |Info:    ------------------------------------------------------
4717  |Info:    [ProfileManager] Profile loading: Succeeded for ENE DRAM @ I2C: SMBus PIIX4 adapter port 0 at 0b00 (/dev/i2c-0), address 0x72
4717  |Info:    [ProfileManager] Profile loading: Succeeded for ENE DRAM @ I2C: SMBus PIIX4 adapter port 0 at 0b00 (/dev/i2c-0), address 0x73
4717  |Info:    [ProfileManager] Profile loading: Succeeded for AMD Wraith Prism @ HID: /dev/hidraw6
4717  |Info:    [ProfileManager] Profile loading: Succeeded for MSI MPG B550 GAMING PLUS (MS-7C56) @ HID: /dev/hidraw8
4717  |Info:    [ProfileManager] Profile loading: Succeeded for Razer Cobra @ HID: /dev/hidraw2
