    OpenRGB v0.9+ (1.0rc3)
    Commit:  from 
    Launched: 20260904_165915
====================================================================================================

0     |Info:    [ProfileManager] Found file: off.orp attempting to validate header
13    |Info:    [ProfileManager] Valid v5 profile found for off
66    |Info:    [ResourceManager] Initializing HID interfaces: Success
66    |Info:    ------------------------------------------------------
66    |Info:    |               Start device detection               |
66    |Info:    ------------------------------------------------------
78    |Info:    ------------------------------------------------------
78    |Info:    |             Detecting I2C interfaces               |
78    |Info:    ------------------------------------------------------
78    |Info:    [ResourceManager] Registering I2C interface: NVIDIA i2c adapter 2 at 2b:00.0
 (/dev/i2c-3) Device 10DE:2488 Subsystem: 19DA:8617
78    |Info:    [ResourceManager] Registering I2C interface: SMBus PIIX4 adapter port 2 at 0b00 (/dev/i2c-1) Device 1022:790B Subsystem: 1462:7C56
78    |Info:    [ResourceManager] Registering I2C interface: NVIDIA i2c adapter 7 at 2b:00.0
 (/dev/i2c-6) Device 10DE:2488 Subsystem: 19DA:8617
78    |Info:    [ResourceManager] Registering I2C interface: NVIDIA i2c adapter 5 at 2b:00.0
 (/dev/i2c-4) Device 10DE:2488 Subsystem: 19DA:8617
78    |Info:    [ResourceManager] Registering I2C interface: SMBus PIIX4 adapter port 1 at 0b20 (/dev/i2c-2) Device 1022:790B Subsystem: 1462:7C56
78    |Info:    [ResourceManager] Registering I2C interface: SMBus PIIX4 adapter port 0 at 0b00 (/dev/i2c-0) Device 1022:790B Subsystem: 1462:7C56
78    |Info:    [ResourceManager] Registering I2C interface: NVIDIA i2c adapter 8 at 2b:00.0
 (/dev/i2c-7) Device 10DE:2488 Subsystem: 19DA:8617
78    |Info:    [ResourceManager] Registering I2C interface: NVIDIA i2c adapter 6 at 2b:00.0
 (/dev/i2c-5) Device 10DE:2488 Subsystem: 19DA:8617
78    |Info:    ------------------------------------------------------
78    |Info:    |               Detecting I2C devices                |
78    |Info:    ------------------------------------------------------
338   |Info:    [ENE DRAM] Registering RGB controller
524   |Info:    [ENE DRAM] Registering RGB controller
1107  |Info:    ------------------------------------------------------
1107  |Info:    |            Detecting I2C DIMM modules              |
1107  |Info:    ------------------------------------------------------
2008  |Info:    [ResourceManager] Detected occupied slot 3, bus 5, type DDR4
3293  |Info:    [ResourceManager] Detected occupied slot 4, bus 5, type DDR4
4365  |Info:    ------------------------------------------------------
4365  |Info:    |               Detecting I2C PCI devices            |
4365  |Info:    ------------------------------------------------------
4431  |Info:    ------------------------------------------------------
4431  |Info:    |               Detecting HID devices                |
4431  |Info:    ------------------------------------------------------
4483  |Info:    [AMD Wraith Prism] Registering RGB controller
4557  |Info:    [MSI MPG B550 GAMING PLUS (MS-7C56)] Registering RGB controller
4591  |Info:    [Razer Cobra] Registering RGB controller
4591  |Info:    ------------------------------------------------------
4591  |Info:    |            Detecting libusb HID devices            |
4591  |Info:    ------------------------------------------------------
4711  |Info:    ------------------------------------------------------
4711  |Info:    |              Detecting other devices               |
4711  |Info:    ------------------------------------------------------
4731  |Info:    [ResourceManager] Calling Post-detection callbacks
4731  |Info:    ------------------------------------------------------
4731  |Info:    |                Detection completed                 |
4731  |Info:    ------------------------------------------------------
4732  |Info:    [ProfileManager] Profile loading: Succeeded for ENE DRAM @ I2C: SMBus PIIX4 adapter port 0 at 0b00 (/dev/i2c-0), address 0x72
4732  |Info:    [ProfileManager] Profile loading: Succeeded for ENE DRAM @ I2C: SMBus PIIX4 adapter port 0 at 0b00 (/dev/i2c-0), address 0x73
4732  |Info:    [ProfileManager] Profile loading: Succeeded for AMD Wraith Prism @ HID: /dev/hidraw6
4732  |Info:    [ProfileManager] Profile loading: Succeeded for MSI MPG B550 GAMING PLUS (MS-7C56) @ HID: /dev/hidraw8
4732  |Info:    [ProfileManager] Profile loading: Succeeded for Razer Cobra @ HID: /dev/hidraw2
