    OpenRGB v0.9+ (1.0rc3)
    Commit:  from 
    Launched: 20260908_223110
====================================================================================================

0     |Info:    [ProfileManager] Found file: off.orp attempting to validate header
0     |Info:    [ProfileManager] Valid v5 profile found for off
53    |Info:    [ResourceManager] Initializing HID interfaces: Success
235   |Info:    ------------------------------------------------------
235   |Info:    |               Start device detection               |
235   |Info:    ------------------------------------------------------
247   |Info:    ------------------------------------------------------
247   |Info:    |             Detecting I2C interfaces               |
247   |Info:    ------------------------------------------------------
247   |Info:    [ResourceManager] Registering I2C interface: NVIDIA i2c adapter 2 at 2b:00.0
 (/dev/i2c-3) Device 10DE:2488 Subsystem: 19DA:8617
247   |Info:    [ResourceManager] Registering I2C interface: SMBus PIIX4 adapter port 2 at 0b00 (/dev/i2c-1) Device 1022:790B Subsystem: 1462:7C56
247   |Info:    [ResourceManager] Registering I2C interface: NVIDIA i2c adapter 7 at 2b:00.0
 (/dev/i2c-6) Device 10DE:2488 Subsystem: 19DA:8617
247   |Info:    [ResourceManager] Registering I2C interface: NVIDIA i2c adapter 5 at 2b:00.0
 (/dev/i2c-4) Device 10DE:2488 Subsystem: 19DA:8617
247   |Info:    [ResourceManager] Registering I2C interface: SMBus PIIX4 adapter port 1 at 0b20 (/dev/i2c-2) Device 1022:790B Subsystem: 1462:7C56
247   |Info:    [ResourceManager] Registering I2C interface: SMBus PIIX4 adapter port 0 at 0b00 (/dev/i2c-0) Device 1022:790B Subsystem: 1462:7C56
247   |Info:    [ResourceManager] Registering I2C interface: NVIDIA i2c adapter 8 at 2b:00.0
 (/dev/i2c-7) Device 10DE:2488 Subsystem: 19DA:8617
247   |Info:    [ResourceManager] Registering I2C interface: NVIDIA i2c adapter 6 at 2b:00.0
 (/dev/i2c-5) Device 10DE:2488 Subsystem: 19DA:8617
247   |Info:    ------------------------------------------------------
247   |Info:    |               Detecting I2C devices                |
247   |Info:    ------------------------------------------------------
506   |Info:    [ENE DRAM] Registering RGB controller
684   |Info:    [ENE DRAM] Registering RGB controller
1265  |Info:    ------------------------------------------------------
1265  |Info:    |            Detecting I2C DIMM modules              |
1265  |Info:    ------------------------------------------------------
2163  |Info:    [ResourceManager] Detected occupied slot 3, bus 5, type DDR4
3446  |Info:    [ResourceManager] Detected occupied slot 4, bus 5, type DDR4
4517  |Info:    ------------------------------------------------------
4517  |Info:    |               Detecting I2C PCI devices            |
4517  |Info:    ------------------------------------------------------
4588  |Info:    ------------------------------------------------------
4588  |Info:    |               Detecting HID devices                |
4588  |Info:    ------------------------------------------------------
4641  |Info:    [AMD Wraith Prism] Registering RGB controller
4715  |Info:    [MSI MPG B550 GAMING PLUS (MS-7C56)] Registering RGB controller
4749  |Info:    [Razer Cobra] Registering RGB controller
4749  |Info:    ------------------------------------------------------
4749  |Info:    |            Detecting libusb HID devices            |
4749  |Info:    ------------------------------------------------------
4867  |Info:    ------------------------------------------------------
4867  |Info:    |              Detecting other devices               |
4867  |Info:    ------------------------------------------------------
4889  |Info:    [ResourceManager] Calling Post-detection callbacks
4889  |Info:    ------------------------------------------------------
4889  |Info:    |                Detection completed                 |
4889  |Info:    ------------------------------------------------------
4889  |Info:    [ProfileManager] Profile loading: Succeeded for ENE DRAM @ I2C: SMBus PIIX4 adapter port 0 at 0b00 (/dev/i2c-0), address 0x72
4889  |Info:    [ProfileManager] Profile loading: Succeeded for ENE DRAM @ I2C: SMBus PIIX4 adapter port 0 at 0b00 (/dev/i2c-0), address 0x73
4889  |Info:    [ProfileManager] Profile loading: Succeeded for AMD Wraith Prism @ HID: /dev/hidraw6
4889  |Info:    [ProfileManager] Profile loading: Succeeded for MSI MPG B550 GAMING PLUS (MS-7C56) @ HID: /dev/hidraw8
4889  |Info:    [ProfileManager] Profile loading: Succeeded for Razer Cobra @ HID: /dev/hidraw2
